PLINK v1.90b7.2 64-bit (11 Dec 2023)
Options in effect:
  --bfile data/cf6
  --dog
  --out data/cf6
  --recode

Hostname: gorgonzola
Working directory: /home/joiglu/Documents/docencia/PTE_33056/P5.Mestissatge
Start time: Sun Apr 28 18:32:26 2024

Random number seed: 1714321946
15307 MB RAM detected; reserving 7653 MB for main workspace.
76987 variants loaded from .bim file.
60 dogs (25 males, 23 females, 12 ambiguous) loaded from .fam.
Ambiguous sex IDs written to data/cf6.nosex .
Using 1 thread (no multithreaded calculations invoked).
Before main variant filters, 60 founders and 0 nonfounders present.
Calculating allele frequencies... done.
Total genotyping rate is 0.9945.
76987 variants and 60 dogs pass filters and QC.
Note: No phenotypes present.
--recode ped to data/cf6.ped + data/cf6.map ... done.

End time: Sun Apr 28 18:32:26 2024
